HI-TECH Software C Compiler 

Linker command line:

\
  --edf=D:\OneDrive\SmarRF\MCU\MC82\IDE\ORIGINIDE_V2.0.9\Program Files (x86)\HI-TECH Software\PICC\9.83\dat\en_msgs.txt \
  -cs -h+smartkey.sym -z -Q16F685 -ol.obj -Msmartkey.map -E1 \
  -ACONST=00h-0FFhx8 -ACODE=00h-07FFh -ASTRCODE=00h-07FFh \
  -AENTRY=00h-0FFhx8 -ASTRING=00h-0FFhx8 -ABANK0=020h-06Fh \
  -ABANK1=0A0h-0BFh -ARAM=020h-06Fh,0A0h-0BFh -AABS1=020h-07Fh,0A0h-0BFh \
  -ACOMMON=070h-07Fh -ASFR0=00h-01Fh -ASFR1=080h-09Fh \
  -preset_vec=00h,intentry=04h,init,end_init -ppowerup=CODE -pfunctab=CODE \
  -ACONFIG=02007h-02007h -pconfig=CONFIG -DCONFIG=2 -AIDLOC=02000h-02003h \
  -pidloc=IDLOC -DIDLOC=2 -AEEDATA=00h-0FFh/02100h -peeprom_data=EEDATA \
  -DEEDATA=2 -DCODE=2 -DSTRCODE=2 -DSTRING=2 -DCONST=2 -DENTRY=2 -k \
  startup.obj smartkey.obj 

Object code version is 3.10

Machine type is 16F685



                Name                               Link     Load   Length Selector   Space Scale
startup.obj     end_init                              A        A        1        8       0
                reset_vec                             0        0        1        0       0
smartkey.obj    intentry                              4        4        6        8       0
                text523                             499      499        7      932       0
                text522                             44F      44F        F        8       0
                text521                             4A0      4A0        3      932       0
                text520                             46C      46C        C        8       0
                text519                             48A      48A        8        8       0
                text518                             36F      36F       1F        8       0
                text517                             350      350       1F        8       0
                text516                             331      331       1F        8       0
                text515                             478      478        A        8       0
                text514                             45E      45E        E        8       0
                text513                             2CD      2CD       24        8       0
                text512                             3AC      3AC       1B        8       0
                text511                             482      482        8        8       0
                text510                             41F      41F       11        8       0
                text509                             2F1      2F1       21        8       0
                text508                               B        B      14A        8       0
                text507                             430      430       10        8       0
                text506                             3C7      3C7       1A        8       0
                text505                             40D      40D       12        8       0
                text504                             3F8      3F8       15        8       0
                text503                             292      292       3B        8       0
                text502                             312      312       1F        8       0
                swtext1                             492      492        7      924       0
                maintext                            155      155      13D        8       0
                cstackBANK0                          3E       3E       1A       20       1
                cstackCOMMON                         70       70        C       70       1
                inittext                            440      440        F        8       0
                dataBANK0                            20       20       1E       20       1
                bssBANK0                             58       58        B       20       1
                cinit                               3E1      3E1       17        8       0
                idataBANK0                          38E      38E       1E        8       0

TOTAL           Name                               Link     Load   Length     Space
        CLASS   CONST          
                swtext1                             492      492        7         0

        CLASS   CODE           
                end_init                              A        A        1         0
                intentry                              4        4        6         0
                reset_vec                             0        0        1         0
                text523                             499      499        7         0
                text522                             44F      44F        F         0
                text521                             4A0      4A0        3         0
                text520                             46C      46C        C         0
                text519                             48A      48A        8         0
                text518                             36F      36F       1F         0
                text517                             350      350       1F         0
                text516                             331      331       1F         0
                text515                             478      478        A         0
                text514                             45E      45E        E         0
                text513                             2CD      2CD       24         0
                text512                             3AC      3AC       1B         0
                text511                             482      482        8         0
                text510                             41F      41F       11         0
                text509                             2F1      2F1       21         0
                text508                               B        B      14A         0
                text507                             430      430       10         0
                text506                             3C7      3C7       1A         0
                text505                             40D      40D       12         0
                text504                             3F8      3F8       15         0
                text503                             292      292       3B         0
                text502                             312      312       1F         0
                maintext                            155      155      13D         0
                inittext                            440      440        F         0
                cinit                               3E1      3E1       17         0
                idataBANK0                          38E      38E       1E         0

        CLASS   STRCODE        

        CLASS   ENTRY          

        CLASS   STRING         

        CLASS   BANK0          
                cstackBANK0                          3E       3E       1A         1
                dataBANK0                            20       20       1E         1
                bssBANK0                             58       58        B         1

        CLASS   BANK1          

        CLASS   RAM            

        CLASS   ABS1           
                abs_s1                               7E       7E        2         1
                abs_s1                              10E      10E        2         1
                abs_s1                              115      115        2         1
                abs_s1                              118      118        4         1
                abs_s1                              11E      11E        2         1
                abs_s1                              18C      18C        1         1
                abs_s1                              19D      19D        2         1

        CLASS   COMMON         
                cstackCOMMON                         70       70        C         1

        CLASS   SFR0           

        CLASS   SFR1           

        CLASS   CONFIG         

        CLASS   IDLOC          

        CLASS   EEDATA         



SEGMENTS        Name                           Load    Length   Top    Selector   Space  Class     Delta

                reset_vec                      000000  000001  000001         0       0  CODE        2
                intentry                       000004  00048E  000492         8       0  CODE        2
                dataBANK0                      000020  000043  000063        20       1  BANK0       1
                cstackCOMMON                   000070  00000C  00007C        70       1  COMMON      1
                swtext1                        000492  000007  000499       924       0  CONST       2
                text523                        000499  00000A  0004A3       932       0  CODE        2


UNUSED ADDRESS RANGES

        Name                Unused          Largest block    Delta
        BANK0            063-06F             D           1
        BANK1            0A0-0BF            20           1
        CODE             001-003             3           2
                         4A3-7FF           35D
        COMMON           07C-07D             2           1
        CONFIG           2007-2007             1           2
        CONST            001-003             3           2
                         4A3-7FF           100
        EEDATA           2100-21FF           100           2
        ENTRY            001-003             3           2
                         4A3-7FF           100
        IDLOC            2000-2003             4           2
        RAM              063-06F             D           1
                         0A0-0BF            20
        SFR0             000-01F            20           1
        SFR1             080-09F            20           1
        STRCODE          001-003             3           2
                         4A3-7FF           35D
        STRING           001-003             3           2
                         4A3-7FF           100

                                  Symbol Table

??_ISR                      cstackCOMMON 070
??_SET_EPWM_ON              cstackCOMMON 072
??___bmul                   cstackCOMMON 073
??___lbdiv                  cstackCOMMON 073
??___lwmod                  cstackCOMMON 076
??_beep2                    cstackCOMMON 076
??_comArr                   cstackCOMMON 075
??_delay_x10ms              cstackCOMMON 072
??_eepromReadBlock          cstackCOMMON 076
??_eepromReadByte           cstackCOMMON 072
??_eepromWriteBlock         cstackCOMMON 078
??_eepromWriteByte          cstackCOMMON 073
??_get_RFID                 cstackCOMMON 077
??_gpio_init                cstackCOMMON 072
??_id_clear                 cstackCOMMON 07C
??_id_replate               cstackBANK0  040
??_id_search                cstackCOMMON 07B
??_int_init                 cstackCOMMON 072
??_main                     cstackBANK0  052
??_setState                 cstackCOMMON 074
??_sys_init                 cstackCOMMON 072
??_timerOut                 cstackCOMMON 074
??_timer_init               cstackCOMMON 072
?_ISR                       cstackCOMMON 070
?_SET_EPWM_ON               cstackCOMMON 070
?___bmul                    cstackCOMMON 072
?___lbdiv                   cstackCOMMON 072
?___lwmod                   cstackCOMMON 072
?_beep2                     cstackCOMMON 075
?_comArr                    cstackCOMMON 072
?_delay_x10ms               cstackCOMMON 070
?_eepromReadBlock           cstackCOMMON 074
?_eepromReadByte            cstackCOMMON 070
?_eepromWriteBlock          cstackCOMMON 076
?_eepromWriteByte           cstackCOMMON 072
?_get_RFID                  cstackCOMMON 070
?_gpio_init                 cstackCOMMON 070
?_id_clear                  cstackBANK0  042
?_id_replate                cstackBANK0  03E
?_id_search                 cstackCOMMON 07A
?_int_init                  cstackCOMMON 070
?_main                      cstackCOMMON 070
?_setState                  cstackCOMMON 072
?_sys_init                  cstackCOMMON 070
?_timerOut                  cstackCOMMON 072
?_timer_init                cstackCOMMON 070
_ANS0                       (abs)        8F0
_ANS1                       (abs)        8F1
_ANS10                      (abs)        8FA
_ANS11                      (abs)        8FB
_ANS2                       (abs)        8F2
_ANS3                       (abs)        8F3
_ANS4                       (abs)        8F4
_ANS5                       (abs)        8F5
_ANS6                       (abs)        8F6
_ANS7                       (abs)        8F7
_ANS8                       (abs)        8F8
_ANS9                       (abs)        8F9
_ANSEL                      (abs)        11E
_ANSELH                     (abs)        11F
_C1CH0                      (abs)        8C8
_C1CH1                      (abs)        8C9
_C1OE                       (abs)        8CD
_C1ON                       (abs)        8CF
_C1OUT                      (abs)        8CE
_C1POL                      (abs)        8CC
_C1R                        (abs)        8CA
_C1SEN                      (abs)        CF5
_C1VREN                     (abs)        8C7
_C2CH0                      (abs)        8D0
_C2CH1                      (abs)        8D1
_C2OE                       (abs)        8D5
_C2ON                       (abs)        8D7
_C2OUT                      (abs)        8D6
_C2POL                      (abs)        8D4
_C2R                        (abs)        8D2
_C2REN                      (abs)        CF4
_C2SYNC                     (abs)        8D8
_C2VREN                     (abs)        8C6
_CM1CON0                    (abs)        119
_CM2CON0                    (abs)        11A
_CM2CON1                    (abs)        11B
_EEADR                      (abs)        09B
_EEADRH                     (abs)        10F
_EECON1                     (abs)        09C
_EEDAT                      (abs)        09A
_EEDATH                     (abs)        10E
_EEIF                       (abs)        067
_EEPGD                      (abs)        C67
_GIE                        (abs)        05F
_HTS                        (abs)        47A
_INTCON                     (abs)        00B
_IOCB                       (abs)        116
_IOCB4                      (abs)        8B4
_IOCB5                      (abs)        8B5
_IOCB6                      (abs)        8B6
_IOCB7                      (abs)        8B7
_ISR                        text523      499
_MC1OUT                     (abs)        8DF
_MC2OUT                     (abs)        8DE
_OPTION                     (abs)        081
_OSCCON                     (abs)        08F
_P1ADTH                     (abs)        014
_P1ADTL                     (abs)        00E
_P1CON                      (abs)        016
_P1OE                       (abs)        090
_P1POL                      (abs)        099
_PEIE                       (abs)        05E
_PIE1                       (abs)        08C
_PIR1                       (abs)        00C
_PORTA                      (abs)        005
_PORTC                      (abs)        007
_PR2H                       (abs)        092
_PR2L                       (abs)        091
_PSTRCON                    (abs)        19D
_PULSR                      (abs)        CF2
_PULSS                      (abs)        CF3
_RA3                        (abs)        02B
_RA5                        (abs)        02D
_RC0                        (abs)        038
_RD                         (abs)        4E0
_SET_EPWM_ON                text516      331
_SR0                        (abs)        CF6
_SR1                        (abs)        CF7
_SRCON                      (abs)        19E
_STRA                       (abs)        CE8
_STRB                       (abs)        CE9
_STRC                       (abs)        CEA
_STRD                       (abs)        CEB
_STRSYNC                    (abs)        CEC
_T0IE                       (abs)        05D
_T0IF                       (abs)        05A
_T0ON                       (abs)        0FB
_T1GSS                      (abs)        8D9
_T2CON0                     (abs)        012
_T2CON1                     (abs)        09E
_TMR0                       (abs)        001
_TMR2H                      (abs)        013
_TMR2IE                     (abs)        461
_TMR2IF                     (abs)        061
_TMR2L                      (abs)        011
_TMR2ON                     (abs)        092
_TRISA                      (abs)        085
_TRISC                      (abs)        087
_VP6EN                      (abs)        8C4
_VR0                        (abs)        8C0
_VR1                        (abs)        8C1
_VR2                        (abs)        8C2
_VR3                        (abs)        8C3
_VRCON                      (abs)        118
_VRR                        (abs)        8C5
_WPUA                       (abs)        095
_WPUB                       (abs)        115
_WPUB4                      (abs)        8AC
_WPUB5                      (abs)        8AD
_WPUB6                      (abs)        8AE
_WPUB7                      (abs)        8AF
_WPUC                       (abs)        093
_WR                         (abs)        4E8
_WREN                       (abs)        C62
__Habs1                     abs1         000
__Hbank0                    bank0        000
__Hbank1                    bank1        000
__HbssBANK0                 bssBANK0     000
__Hcinit                    cinit        000
__Hclrtext                  clrtext      000
__Hcode                     code         000
__Hcommon                   common       000
__Hconfig                   config       000
__HcstackBANK0              cstackBANK0  000
__HcstackCOMMON             cstackCOMMON 000
__HdataBANK0                dataBANK0    000
__Heeprom_data              eeprom_data  000
__Hend_init                 end_init     00B
__Hfunctab                  functab      000
__HidataBANK0               idataBANK0   000
__Hidloc                    idloc        000
__Hinit                     init         00A
__Hinittext                 inittext     000
__Hintentry                 intentry     00A
__Hmaintext                 maintext     000
__Hpa_nodes                 pa_nodes     000
__Hpowerup                  powerup      000
__Hram                      ram          000
__Hreset_vec                reset_vec    001
__Hsfr0                     sfr0         000
__Hsfr1                     sfr1         000
__Hstrings                  strings      000
__Htext                     text         000
__Labs1                     abs1         000
__Lbank0                    bank0        000
__Lbank1                    bank1        000
__LbssBANK0                 bssBANK0     000
__Lcinit                    cinit        000
__Lclrtext                  clrtext      000
__Lcode                     code         000
__Lcommon                   common       000
__Lconfig                   config       000
__LcstackBANK0              cstackBANK0  000
__LcstackCOMMON             cstackCOMMON 000
__LdataBANK0                dataBANK0    000
__Leeprom_data              eeprom_data  000
__Lend_init                 end_init     00A
__Lfunctab                  functab      000
__LidataBANK0               idataBANK0   000
__Lidloc                    idloc        000
__Linit                     init         00A
__Linittext                 inittext     000
__Lintentry                 intentry     004
__Lmaintext                 maintext     000
__Lpa_nodes                 pa_nodes     000
__Lpowerup                  powerup      000
__Lram                      ram          000
__Lreset_vec                reset_vec    000
__Lsfr0                     sfr0         000
__Lsfr1                     sfr1         000
__Lstrings                  strings      000
__Ltext                     text         000
__S0                        (abs)        4A3
__S1                        (abs)        07C
__S2                        (abs)        000
___bmul                     text514      45E
___bmul@multiplicand        cstackCOMMON 072
___bmul@multiplier          cstackCOMMON 074
___bmul@product             cstackCOMMON 073
___lbdiv                    text512      3AC
___lbdiv@counter            cstackCOMMON 074
___lbdiv@dividend           cstackCOMMON 073
___lbdiv@divisor            cstackCOMMON 072
___lbdiv@quotient           cstackCOMMON 075
___lwmod                    text513      2CD
___lwmod@counter            cstackCOMMON 076
___lwmod@dividend           cstackCOMMON 074
___lwmod@divisor            cstackCOMMON 072
__end_of_ISR                text523      4A0
__end_of_SET_EPWM_ON        text516      350
__end_of___bmul             text514      46C
__end_of___lbdiv            text512      3C7
__end_of___lwmod            text513      2F1
__end_of_beep2              text504      40D
__end_of_comArr             text518      38E
__end_of_delay_x10ms        text507      440
__end_of_eepromReadBlock    text510      430
__end_of_eepromReadByte     text519      492
__end_of_eepromWriteBlock   text505      41F
__end_of_eepromWriteByte    text509      312
__end_of_get_RFID           text508      143
__end_of_gpio_init          text522      45E
__end_of_id_clear           text502      331
__end_of_id_replate         text503      2C6
__end_of_id_search          text506      3E1
__end_of_int_init           text520      478
__end_of_main               maintext     292
__end_of_setState           text515      482
__end_of_sys_init           text511      48A
__end_of_timerOut           text517      36F
__end_of_timer_init         text521      4A3
__pbssBANK0                 bssBANK0     058
__pcstackBANK0              cstackBANK0  03E
__pcstackCOMMON             cstackCOMMON 070
__pdataBANK0                dataBANK0    020
__pidataBANK0               idataBANK0   38E
__pintentry                 intentry     004
__pmaintext                 maintext     155
__pswtext1                  swtext1      492
__ptext502                  text502      312
__ptext503                  text503      292
__ptext504                  text504      3F8
__ptext505                  text505      40D
__ptext506                  text506      3C7
__ptext507                  text507      430
__ptext508                  text508      00B
__ptext509                  text509      2F1
__ptext510                  text510      41F
__ptext511                  text511      482
__ptext512                  text512      3AC
__ptext513                  text513      2CD
__ptext514                  text514      45E
__ptext515                  text515      478
__ptext516                  text516      331
__ptext517                  text517      350
__ptext518                  text518      36F
__ptext519                  text519      48A
__ptext520                  text520      46C
__ptext521                  text521      4A0
__ptext522                  text522      44F
__ptext523                  text523      499
__ptext524                  text524      000
__size_of_ISR               (abs)        000
__size_of_SET_EPWM_ON       (abs)        000
__size_of___bmul            (abs)        000
__size_of___lbdiv           (abs)        000
__size_of___lwmod           (abs)        000
__size_of_beep2             (abs)        000
__size_of_comArr            (abs)        000
__size_of_delay_x10ms       (abs)        000
__size_of_eepromReadBlock   (abs)        000
__size_of_eepromReadByte    (abs)        000
__size_of_eepromWriteBlock  (abs)        000
__size_of_eepromWriteByte   (abs)        000
__size_of_get_RFID          (abs)        000
__size_of_gpio_init         (abs)        000
__size_of_id_clear          (abs)        000
__size_of_id_replate        (abs)        000
__size_of_id_search         (abs)        000
__size_of_int_init          (abs)        000
__size_of_main              (abs)        000
__size_of_setState          (abs)        000
__size_of_sys_init          (abs)        000
__size_of_timerOut          (abs)        000
__size_of_timer_init        (abs)        000
_beep2                      text504      3F8
_buffTag                    dataBANK0    025
_comArr                     text518      36F
_delay_x10ms                text507      430
_eepromReadBlock            text510      41F
_eepromReadByte             text519      48A
_eepromWriteBlock           text505      40D
_eepromWriteByte            text509      2F1
_exit                       init         00A
_get_RFID                   text508      00B
_gpio_init                  text522      44F
_id_clear                   text502      312
_id_replate                 text503      292
_id_search                  text506      3C7
_int_init                   text520      46C
_kepTag                     bssBANK0     05C
_keyID                      bssBANK0     05E
_main                       maintext     155
_mtState                    bssBANK0     05D
_setState                   text515      478
_sys_init                   text511      482
_timeOut                    bssBANK0     058
_timeTick                   bssBANK0     05A
_timerOut                   text517      350
_timer_init                 text521      4A0
beep2@rep                   cstackCOMMON 075
beep2@sel                   cstackCOMMON 076
btemp                       (abs)        07E
comArr@arr1                 cstackCOMMON 078
comArr@arr2                 cstackCOMMON 072
comArr@i                    cstackCOMMON 079
comArr@len1                 cstackCOMMON 073
comArr@len2                 cstackCOMMON 074
delay_x10ms@t               cstackCOMMON 074
eepromReadBlock@addStart    cstackCOMMON 077
eepromReadBlock@buff        cstackCOMMON 074
eepromReadBlock@i           cstackCOMMON 078
eepromReadBlock@len         cstackCOMMON 075
eepromReadByte@EEAddr       cstackCOMMON 072
eepromReadByte@ReEepromData cstackCOMMON 073
eepromWriteBlock@addStart   cstackCOMMON 079
eepromWriteBlock@buff       cstackCOMMON 076
eepromWriteBlock@i          cstackCOMMON 07A
eepromWriteBlock@len        cstackCOMMON 077
eepromWriteByte@EEAddr      cstackCOMMON 075
eepromWriteByte@EEData      cstackCOMMON 072
end_of_initialization       cinit        3F6
get_RFID@RF_serial_55bits   cstackBANK0  03E
get_RFID@even_col           cstackBANK0  04A
get_RFID@even_row           cstackBANK0  04B
get_RFID@flag_RFID_last     cstackBANK0  04E
get_RFID@flag_RFID_syn      cstackBANK0  049
get_RFID@i                  cstackBANK0  04D
get_RFID@ii                 cstackBANK0  051
get_RFID@j                  cstackBANK0  04C
get_RFID@timeOutVal         cstackBANK0  04F
i1l4130                                     
id_clear@F1098              dataBANK0    020
id_clear@idMax              cstackBANK0  042
id_clear@idMin              cstackBANK0  048
id_clear@tmp                cstackBANK0  043
id_replate@Cont             cstackBANK0  03E
id_replate@buff             cstackBANK0  03F
id_replate@id               cstackCOMMON 07B
id_search@buff              cstackCOMMON 07A
id_search@i                 cstackBANK0  03F
id_search@id_input          cstackBANK0  03E
init_fetch                  inittext     440
init_ram                    inittext     444
interrupt_function          intentry     004
intlevel0                   functab      000
intlevel1                   functab      000
intlevel2                   functab      000
intlevel3                   functab      000
intlevel4                   functab      000
intlevel5                   functab      000
l1588                                       
l1594                                       
l1603                                       
l1609                                       
l3297                                       
l4121                                       
l4133                                       
l4142                                       
l4150                                       
l4158                                       
l4869                                       
l4895                                       
l4905                                       
l6000                                       
l6002                                       
l6004                                       
l6006                                       
l6008                                       
l6010                                       
l6012                                       
l6014                                       
l6016                                       
l6018                                       
l6020                                       
l6022                                       
l6024                                       
l6026                                       
l6028                                       
l6030                                       
l6034                                       
l6066                                       
l6068                                       
l6070                                       
l6072                                       
l6076                                       
l6078                                       
l6090                                       
l6092                                       
l6094                                       
l6096                                       
l6098                                       
l6100                                       
l6102                                       
l6104                                       
l6106                                       
l6108                                       
l6110                                       
l6112                                       
l6114                                       
l6116                                       
l6118                                       
l6120                                       
l6122                                       
l6130                                       
l6132                                       
l6138                                       
l6152                                       
l6158                                       
l6160                                       
l6162                                       
l6168                                       
l6172                                       
l6176                                       
l6182                                       
l6184                                       
l6186                                       
l6190                                       
l6194                                       
l6198                                       
l6200                                       
l6204                                       
l6206                                       
l6208                                       
l6212                                       
l6220                                       
l6228                                       
l6232                                       
l6242                                       
l6254                                       
l6260                                       
l6268                                       
l6276                                       
l6280                                       
l6282                                       
l6288                                       
l6292                                       
l6314                                       
l6316                                       
l6328                                       
l6334                                       
l6342                                       
l6344                                       
l6352                                       
l6356                                       
l6358                                       
l6364                                       
l6368                                       
l6380                                       
l6382                                       
l6390                                       
l6392                                       
l6400                                       
l6406                                       
l6410                                       
l6412                                       
l6414                                       
l6416                                       
l6428                                       
l6434                                       
l6448                                       
l6454                                       
l6458                                       
l6462                                       
l6464                                       
l6466                                       
l6470                                       
l6472                                       
l6474                                       
l6480                                       
l6482                                       
l6484                                       
l6486                                       
l6488                                       
l6490                                       
l6492                                       
l6494                                       
l6498                                       
l6502                                       
l6504                                       
l6506                                       
l6508                                       
l6510                                       
l6512                                       
l6514                                       
l6516                                       
l6518                                       
l6520                                       
l6522                                       
l6524                                       
l6530                                       
l6532                                       
l6540                                       
l6552                                       
l6554                                       
l6556                                       
l6558                                       
l6562                                       
l6566                                       
l6568                                       
l6570                                       
l6578                                       
l6580                                       
l6582                                       
l6590                                       
l6594                                       
l6596                                       
l6606                                       
l6610                                       
l6612                                       
l6620                                       
l6624                                       
l790                                        
l793                                        
l796                                        
l799                                        
main@idState                cstackBANK0  055
main@idop                   cstackBANK0  057
main@tmp                    cstackBANK0  056
reset_vec                   reset_vec    000
saved_w                     (abs)        07E
setState@_tOut              cstackCOMMON 072
setState@stt                cstackCOMMON 074
start                       init         00A
start_initialization        cinit        3E1
timerOut@CurTimer           cstackCOMMON 075
timerOut@Logic              cstackCOMMON 074
timerOut@time               cstackCOMMON 072
wtemp0                      (abs)        07E
